======= AST Display =========================
Package
  ClassDeclList [1]
  . ClassDecl
  .   "id_" classname
  .   FieldDeclList [0]
  .   MethodDeclList [0]
=============================================
