======= AST Display =========================
Package
  ClassDeclList [1]
  . ClassDecl
  .   "A" classname
  .   FieldDeclList [0]
  .   MethodDeclList [1]
  .   . (public) MethodDecl
  .   .   VOID BaseType
  .   .   "f" methodname
  .   .   ParameterDeclList [0]
  .   .   StmtList [1]
  .   .   . VarDeclStmt
  .   .   .   VarDecl
  .   .   .     BOOLEAN BaseType
  .   .   .     "p" varname
  .   .   .   BinaryExpr
  .   .   .     "&&" Operator
  .   .   .       RefExpr
  .   .   .         IdRef
  .   .   .           "p" Identifier
  .   .   .       UnaryExpr
  .   .   .         "!" Operator
  .   .   .           UnaryExpr
  .   .   .             "!" Operator
  .   .   .               RefExpr
  .   .   .                 IdRef
  .   .   .                   "p" Identifier
=============================================
