======= AST Display =========================
Package
  ClassDeclList [1]
  . ClassDecl
  .   "Keywords" classname
  .   FieldDeclList [0]
  .   MethodDeclList [2]
  .   . (public) MethodDecl
  .   .   VOID BaseType
  .   .   "p" methodname
  .   .   ParameterDeclList [0]
  .   .   StmtList [4]
  .   .   . VarDeclStmt
  .   .   .   VarDecl
  .   .   .     INT BaseType
  .   .   .     "format" varname
  .   .   .   RefExpr
  .   .   .     IdRef
  .   .   .       "while_1" Identifier
  .   .   . VarDeclStmt
  .   .   .   VarDecl
  .   .   .     INT BaseType
  .   .   .     "Int" varname
  .   .   .   RefExpr
  .   .   .     IdRef
  .   .   .       "New" Identifier
  .   .   . AssignStmt
  .   .   .   IdRef
  .   .   .     "For" Identifier
  .   .   .   RefExpr
  .   .   .     IdRef
  .   .   .       "Class" Identifier
  .   .   . AssignStmt
  .   .   .   IdRef
  .   .   .     "FOR" Identifier
  .   .   .   RefExpr
  .   .   .     IdRef
  .   .   .       "RETURN" Identifier
  .   . (public) MethodDecl
  .   .   INT BaseType
  .   .   "declare" methodname
  .   .   ParameterDeclList [0]
  .   .   StmtList [4]
  .   .   . VarDeclStmt
  .   .   .   VarDecl
  .   .   .     BOOLEAN BaseType
  .   .   .     "iF" varname
  .   .   .   LiteralExpr
  .   .   .     "true" BooleanLiteral
  .   .   . VarDeclStmt
  .   .   .   VarDecl
  .   .   .     BOOLEAN BaseType
  .   .   .     "Then" varname
  .   .   .   LiteralExpr
  .   .   .     "false" BooleanLiteral
  .   .   . VarDeclStmt
  .   .   .   VarDecl
  .   .   .     BOOLEAN BaseType
  .   .   .     "else1" varname
  .   .   .   LiteralExpr
  .   .   .     "false" BooleanLiteral
  .   .   . IfStmt
  .   .   .   BinaryExpr
  .   .   .     "==" Operator
  .   .   .       LiteralExpr
  .   .   .         "true" BooleanLiteral
  .   .   .       LiteralExpr
  .   .   .         "false" BooleanLiteral
  .   .   .   BlockStmt
  .   .   .     StatementList [1]
  .   .   .     . AssignStmt
  .   .   .     .   IdRef
  .   .   .     .     "else1" Identifier
  .   .   .     .   BinaryExpr
  .   .   .     .     "==" Operator
  .   .   .     .       RefExpr
  .   .   .     .         IdRef
  .   .   .     .           "iF" Identifier
  .   .   .     .       RefExpr
  .   .   .     .         IdRef
  .   .   .     .           "Then" Identifier
=============================================
